// Jest Snapshot v1, https://goo.gl/fbAQLP

exports[`matches snapshot 1`] = `
<div>
  <Filter />
  <div
    className="pnls"
    id="main-pnl"
  >
    <div>
      <h4
        className="form-header trebuchet bold"
      >
        Business Unit List
        <button
          className="add-new-btn pointer pull-right bold"
        >
          <i
            className="fa fa-plus theme"
          />
          New Business Unit
        </button>
      </h4>
      <div
        className="tbl-wrapper"
      >
        <lifecycle(branch(Component))
          columns={
            Array [
              Object {
                "Header": "ID",
                "accessor": "id",
              },
              Object {
                "Header": "Name",
                "accessor": "name",
              },
              Object {
                "Header": "Company Type",
                "accessor": "companyType",
              },
              Object {
                "Cell": [Function],
                "Header": "Status",
                "accessor": "status",
              },
            ]
          }
          createButtonTitle="New Business Unit"
          filter={<Filter />}
          title="Business Unit List"
        />
      </div>
    </div>
  </div>
</div>
`;
