// Jest Snapshot v1, https://goo.gl/fbAQLP

exports[`matches snapshot 1`] = `
<div>
  <div
    className="pnls"
    id="main-pnl"
  >
    <div>
      <h4
        className="form-header trebuchet bold"
      >
        User Role(s) List
        <button
          className="add-new-btn pointer pull-right bold"
        >
          <i
            className="fa fa-plus theme"
          />
          New Role
        </button>
      </h4>
      <div
        className="tbl-wrapper"
      >
        <lifecycle(branch(Component))
          columns={
            Array [
              Object {
                "Header": "ID",
                "accessor": "id",
                "maxWidth": 50,
              },
              Object {
                "Header": "Role Name",
                "accessor": "name",
              },
              Object {
                "Cell": [Function],
                "Header": "Status",
                "accessor": "status",
              },
            ]
          }
          createButtonTitle="New Role"
          filter={false}
          title="User Role(s) List"
        />
      </div>
    </div>
  </div>
</div>
`;
