// Jest Snapshot v1, https://goo.gl/fbAQLP

exports[`details matches snapshot 1`] = `
<div
  className="details pnls"
  id="main-pnl"
>
  <div
    className="modal-p details"
  >
    Not found
  </div>
</div>
`;

exports[`details matches snapshot with data 1`] = `
<div
  className="details pnls"
  id="main-pnl"
>
  <div
    className="details"
  >
    <h5
      className="form-header trebuchet text-center bold"
    >
      Details for 
      1
      <button
        className="add-new-btn pointer pull-right bold"
        onClick={[Function]}
        title="Edit"
      >
        <i
          className="edit fa fa-pencil theme"
        />
        Edit user
      </button>
    </h5>
    <div>
      <div
        className="row"
      >
        <div
          className="col-sm-3"
        >
          First name:
        </div>
        <div
          className="col-sm-3"
        />
        <div
          className="col-sm-3"
        >
          Last name:
        </div>
        <div
          className="col-sm-3"
        />
      </div>
      <div
        className="row"
      >
        <div
          className="col-sm-3"
        >
          Username:
        </div>
        <div
          className="col-sm-3"
        />
        <div
          className="col-sm-3"
        >
          Phone number:
        </div>
        <div
          className="col-sm-3"
        />
      </div>
      <div
        className="row"
      >
        <div
          className="col-sm-3 col-xs-3"
        >
          Email:
        </div>
        <div
          className="col-sm-3"
        />
        <div
          className="col-sm-3"
        >
          Status:
        </div>
        <div
          className="col-sm-3"
        />
      </div>
      <div
        className="row"
      >
        <div
          className="col-sm-3"
        >
          Business unit:
        </div>
        <div
          className="col-sm-3"
        />
        <div
          className="col-sm-3"
        >
          Role:
        </div>
        <div
          className="col-sm-3"
        />
      </div>
    </div>
  </div>
</div>
`;
