// Jest Snapshot v1, https://goo.gl/fbAQLP

exports[`matches snapshot 1`] = `
<div>
  <Filter />
  <div
    className="pnls"
    id="main-pnl"
  >
    <div>
      <h4
        className="form-header trebuchet bold"
      >
        Back office users
        <button
          className="add-new-btn pointer pull-right bold"
        >
          <i
            className="fa fa-plus theme"
          />
          New user
        </button>
      </h4>
      <div
        className="tbl-wrapper"
      >
        <lifecycle(branch(Component))
          columns={
            Array [
              Object {
                "Header": "ID",
                "accessor": "id",
                "maxWidth": 50,
              },
              Object {
                "Header": "First name",
                "accessor": "firstName",
              },
              Object {
                "Header": "Last name",
                "accessor": "lastName",
              },
              Object {
                "Header": "Username",
                "accessor": "userName",
              },
              Object {
                "Header": "Mobile number",
                "accessor": "mobileNumber",
              },
              Object {
                "Header": "Primary email",
                "accessor": "primaryEmail",
              },
              Object {
                "Header": "Business unit",
                "accessor": "businessUnitName",
              },
              Object {
                "Header": "Role",
                "accessor": "roleName",
              },
              Object {
                "Cell": [Function],
                "Header": "Status",
                "accessor": "status",
              },
            ]
          }
          createButtonTitle="New user"
          filter={<Filter />}
          title="Back office users"
        />
      </div>
    </div>
  </div>
</div>
`;
